[uWSGI] getting INI configuration from /srv/app/datapusher-uwsgi.ini
*** Starting uWSGI 2.0.19.1 (64bit) on [Mon Mar 16 20:32:25 2026] ***
compiled with version: 10.3.1 20210424 on 05 April 2021 18:18:03
os: Linux-6.6.87.2-microsoft-standard-WSL2 #1 SMP PREEMPT_DYNAMIC Thu Jun  5 18:30:46 UTC 2025
nodename: 06ed655e4365
machine: x86_64
clock source: unix
pcre jit disabled
detected number of CPU cores: 4
current working directory: /srv/app
writing pidfile to /tmp/datapusher-uwsgi.pid
detected binary path: /usr/sbin/uwsgi
your processes number limit is 15517
your memory page size is 4096 bytes
 *** WARNING: you have enabled harakiri without post buffering. Slow upload could be rejected on post-unbuffered webservers *** 
detected max file descriptor number: 1024
lock engine: pthread robust mutexes
thunder lock: disabled (you can enable it with --thunder-lock)
uWSGI http bound on [::]:8800 fd 3
uwsgi socket 0 bound to UNIX address /tmp/uwsgi.sock fd 6
Python version: 3.9.17 (main, Jun  9 2023, 02:31:24)  [GCC 10.3.1 20210424]
Python main interpreter initialized at 0x7f9492ac9c00
python threads support enabled
your server socket listen backlog is limited to 100 connections
your mercy for graceful operations on workers is 60 seconds
mapped 203184 bytes (198 KB) for 1 cores
*** Operational MODE: single process ***
WSGI app 0 (mountpoint='') ready in 3 seconds on interpreter 0x7f9492ac9c00 pid: 1 (default app)
*** uWSGI is running in multiple interpreter mode ***
spawned uWSGI master process (pid: 1)
spawned uWSGI worker 1 (pid: 8, cores: 1)
spawned uWSGI http 1 (pid: 9)
[pid: 8|app: 0|req: 1/1] ::ffff:172.19.0.6 () {36 vars in 550 bytes} [Mon Mar 16 20:33:21 2026] GET /job/6cade5db-d416-4977-ab67-4c296d08219d => generated 29 bytes in 51 msecs (HTTP/1.1 404) 2 headers in 78 bytes (1 switches on core 0)
[pid: 8|app: 0|req: 2/2] ::ffff:172.19.0.6 () {36 vars in 550 bytes} [Mon Mar 16 20:33:25 2026] GET /job/6cade5db-d416-4977-ab67-4c296d08219d => generated 29 bytes in 5 msecs (HTTP/1.1 404) 2 headers in 78 bytes (1 switches on core 0)
[pid: 8|app: 0|req: 3/3] ::ffff:172.19.0.3 () {32 vars in 364 bytes} [Mon Mar 16 20:33:25 2026] GET / => generated 90 bytes in 4 msecs (HTTP/1.1 200) 2 headers in 71 bytes (1 switches on core 0)
[pid: 8|app: 0|req: 4/4] ::ffff:172.19.0.3 () {32 vars in 364 bytes} [Mon Mar 16 20:34:26 2026] GET / => generated 90 bytes in 0 msecs (HTTP/1.1 200) 2 headers in 71 bytes (1 switches on core 0)
[pid: 8|app: 0|req: 5/5] ::ffff:172.19.0.3 () {32 vars in 364 bytes} [Mon Mar 16 20:35:26 2026] GET / => generated 90 bytes in 1 msecs (HTTP/1.1 200) 2 headers in 71 bytes (1 switches on core 0)
